../Core/TPM/commandFuncs.c:19:6:printCommand	24	static
../Core/TPM/commandFuncs.c:58:6:listCommands	4	static
../Core/TPM/commandFuncs.c:86:14:findCommand	24	static
../Core/TPM/commandFuncs.c:102:14:findFuncPtr	24	static
../Core/TPM/commandFuncs.c:118:6:init_xferbuf	16	static
../Core/TPM/commandFuncs.c:127:6:commandHandler	40	static
../Core/TPM/commandFuncs.c:223:6:genericFunc	16	static
../Core/TPM/commandFuncs.c:237:11:generateN	4	static
../Core/TPM/commandFuncs.c:244:6:isZeroBigInt256	24	static
../Core/TPM/commandFuncs.c:252:6:copyBigInt256	16	static
../Core/TPM/commandFuncs.c:255:6:addBigInt256	32	static
../Core/TPM/commandFuncs.c:267:6:subBigInt256	32	static
../Core/TPM/commandFuncs.c:278:6:descBigInt256	24	static
../Core/TPM/commandFuncs.c:288:6:div2BigInt256	32	static
../Core/TPM/commandFuncs.c:297:6:mul2BigInt256	32	static
../Core/TPM/commandFuncs.c:306:5:compareTo	24	static
../Core/TPM/commandFuncs.c:318:6:mulBigInt256	104	static
../Core/TPM/commandFuncs.c:342:6:powBigInt256	104	static
../Core/TPM/commandFuncs.c:361:6:modBigInt256	56	static
../Core/TPM/commandFuncs.c:372:6:print16BigInt256	24	static
../Core/TPM/commandFuncs.c:389:6:generateRandom128	64	static
../Core/TPM/commandFuncs.c:412:6:isPrimeBigInt256	832	static
../Core/TPM/commandFuncs.c:459:6:takeOwnFunc	88	static,ignoring_inline_asm
../Core/TPM/commandFuncs.c:598:6:_bindV20Func	24	static
../Core/TPM/commandFuncs.c:616:6:OIAPFunc	24	static
../Core/TPM/commandFuncs.c:642:6:sealFunc	88	static
../Core/TPM/commandFuncs.c:775:6:unSealFunc	56	static
../Core/TPM/commandFuncs.c:897:6:activeFunc	16	static
../Core/TPM/commandFuncs.c:931:6:disableFunc	16	static
../Core/TPM/commandFuncs.c:964:6:createWrapFunc	104	static
../Core/TPM/commandFuncs.c:1205:6:loadKeyFunc	32	static
../Core/TPM/commandFuncs.c:1335:6:forceClearFunc	16	static
../Core/TPM/commandFuncs.c:1380:6:flushKeyFunc	40	static
../Core/TPM/commandFuncs.c:1461:6:getPubKeyFunc	24	static
../Core/TPM/commandFuncs.c:1530:6:signFunc	24	static
../Core/TPM/commandFuncs.c:1631:6:verifySignFunc	40	static
../Core/TPM/commandFuncs.c:1750:6:get_user_input	32	static,ignoring_inline_asm
../Core/TPM/commandFuncs.c:1808:6:error_notification	24	static
../Core/TPM/commandFuncs.c:1875:6:success_post_processing	24	static
